--------- beginning of main
01-01 00:00:00.380   140   140 W auditd  : type=2000 audit(0.0:1): initialized
01-01 00:00:02.900   140   140 I auditd  : type=1403 audit(0.0:2): policy loaded auid=4294967295 ses=4294967295
--------- beginning of system
01-01 00:00:04.143   148   148 I vold    : Vold 3.0 (the awakening) firing up
01-01 00:00:04.143   148   148 V vold    : Detected support for: ext4 f2fs vfat
01-01 00:00:04.200   148   154 D vold    : e4crypt_init_user0
01-01 00:00:04.200   148   154 D vold    : e4crypt_prepare_user_storage for volume null, user 0, serial 0, flags 1
01-01 00:00:04.201   148   154 D vold    : Preparing: /data/system/users/0
01-01 00:00:04.201   148   154 D vold    : Preparing: /data/misc/profiles/cur/0
01-01 00:00:04.202   148   154 D vold    : Preparing: /data/misc/profiles/cur/0/foreign-dex
01-01 00:00:04.202   148   154 D vold    : Preparing: /data/system_de/0
01-01 00:00:04.203   148   154 D vold    : Preparing: /data/misc_de/0
01-01 00:00:04.203   148   154 D vold    : Preparing: /data/user_de/0
01-01 00:00:04.204   148   154 D vold    : e4crypt_unlock_user_key 0 serial=0 token_present=0
01-01 00:00:04.206     1     1 I vdc     : 200 151 Command succeeded
01-01 00:00:04.287   155   155 I /system/bin/tzdatacheck: tzdata file /data/misc/zoneinfo/current/tzdata does not exist. No action required.
01-01 00:00:04.607   158   158 I lowmemorykiller: Using in-kernel low memory killer interface
01-01 00:00:04.638   161   161 I         : installd firing up
01-01 00:00:04.838   162   162 I keystore: Found keymaster0 module Keymaster OpenSSL HAL, version 2
01-01 00:00:04.838   162   162 I SoftKeymaster: system/keymaster/soft_keymaster_device.cpp, Line 131: Creating device
01-01 00:00:04.838   162   162 D SoftKeymaster: system/keymaster/soft_keymaster_device.cpp, Line 132: Device address: 0xaa6b2000
01-01 00:00:04.838   162   162 I keystore: Keymaster0 module is software-only.  Using SoftKeymasterDevice instead.
01-01 00:00:04.838   162   162 I SoftKeymaster: system/keymaster/soft_keymaster_device.cpp, Line 131: Creating device
01-01 00:00:04.838   162   162 D SoftKeymaster: system/keymaster/soft_keymaster_device.cpp, Line 132: Device address: 0xaa6b2200
01-01 00:00:04.842   164   164 I gatekeeperd: Starting gatekeeperd...
01-01 00:00:04.853   164   164 W gatekeeperd: falling back to software GateKeeper
01-01 00:00:04.859   163   163 I Netd    : Netd 1.0 starting
01-01 00:00:04.867   163   163 D TetherController: Setting IP forward enable = 0
01-01 00:00:06.252   160   160 D AndroidRuntime: >>>>>> START com.android.internal.os.ZygoteInit uid 0 <<<<<<
01-01 00:00:06.297   160   160 D AndroidRuntime: CheckJNI is ON
01-01 00:00:06.298   160   160 E cutils-trace: Error opening trace file: No such file or directory (2)
01-01 00:00:06.299   160   160 I art     : option[0]=-Xzygote
01-01 00:00:06.299   160   160 I art     : option[1]=-Xcheck:jni
01-01 00:00:06.299   160   160 I art     : option[2]=-Xstacktracefile:/data/anr/traces.txt
01-01 00:00:06.299   160   160 I art     : option[3]=exit
01-01 00:00:06.299   160   160 I art     : option[4]=vfprintf
01-01 00:00:06.299   160   160 I art     : option[5]=sensitiveThread
01-01 00:00:06.299   160   160 I art     : option[6]=-verbose:gc
01-01 00:00:06.299   160   160 I art     : option[7]=-Xms5m
01-01 00:00:06.299   160   160 I art     : option[8]=-Xmx128m
01-01 00:00:06.299   160   160 I art     : option[9]=-XX:HeapGrowthLimit=256m
01-01 00:00:06.299   160   160 I art     : option[10]=-XX:HeapMinFree=512k
01-01 00:00:06.299   160   160 I art     : option[11]=-XX:HeapMaxFree=2m
01-01 00:00:06.299   160   160 I art     : option[12]=-XX:HeapTargetUtilization=0.75
01-01 00:00:06.299   160   160 I art     : option[13]=-Xusejit:true
01-01 00:00:06.299   160   160 I art     : option[14]=-Xjitsaveprofilinginfo
01-01 00:00:06.299   160   160 I art     : option[15]=-agentlib:jdwp=transport=dt_android_adb,suspend=n,server=y
01-01 00:00:06.299   160   160 I art     : option[16]=-Xlockprofthreshold:500
01-01 00:00:06.299   160   160 I art     : option[17]=-Ximage-compiler-option
01-01 00:00:06.299   160   160 I art     : option[18]=--runtime-arg
01-01 00:00:06.299   160   160 I art     : option[19]=-Ximage-compiler-option
01-01 00:00:06.299   160   160 I art     : option[20]=-Xms64m
01-01 00:00:06.299   160   160 I art     : option[21]=-Ximage-compiler-option
01-01 00:00:06.299   160   160 I art     : option[22]=--runtime-arg
01-01 00:00:06.299   160   160 I art     : option[23]=-Ximage-compiler-option
01-01 00:00:06.299   160   160 I art     : option[24]=-Xmx64m
01-01 00:00:06.299   160   160 I art     : option[25]=-Ximage-compiler-option
01-01 00:00:06.299   160   160 I art     : option[26]=--compiler-filter=verify-at-runtime
01-01 00:00:06.299   160   160 I art     : option[27]=-Ximage-compiler-option
01-01 00:00:06.299   160   160 I art     : option[28]=--image-classes=/system/etc/preloaded-classes
01-01 00:00:06.299   160   160 I art     : option[29]=-Ximage-compiler-option
01-01 00:00:06.299   160   160 I art     : option[30]=--compiled-classes=/system/etc/compiled-classes
01-01 00:00:06.299   160   160 I art     : option[31]=-Xcompiler-option
01-01 00:00:06.320   160   160 I art     : option[32]=--runtime-arg
01-01 00:00:06.320   160   160 I art     : option[33]=-Xcompiler-option
01-01 00:00:06.320   160   160 I art     : option[34]=-Xms64m
01-01 00:00:06.320   160   160 I art     : option[35]=-Xcompiler-option
01-01 00:00:06.320   160   160 I art     : option[36]=--runtime-arg
01-01 00:00:06.320   160   160 I art     : option[37]=-Xcompiler-option
01-01 00:00:06.320   160   160 I art     : option[38]=-Xmx512m
01-01 00:00:06.320   160   160 I art     : option[39]=-Ximage-compiler-option
01-01 00:00:06.320   160   160 I art     : option[40]=--instruction-set-variant=cortex-a7
01-01 00:00:06.320   160   160 I art     : option[41]=-Xcompiler-option
01-01 00:00:06.320   160   160 I art     : option[42]=--instruction-set-variant=cortex-a7
01-01 00:00:06.320   160   160 I art     : option[43]=-Ximage-compiler-option
01-01 00:00:06.320   160   160 I art     : option[44]=--instruction-set-features=default
01-01 00:00:06.320   160   160 I art     : option[45]=-Xcompiler-option
01-01 00:00:06.320   160   160 I art     : option[46]=--instruction-set-features=default
01-01 00:00:06.320   160   160 I art     : option[47]=-Duser.locale=en-US
01-01 00:00:06.320   160   160 I art     : option[48]=--cpu-abilist=armeabi-v7a,armeabi
01-01 00:00:06.321   160   160 I art     : option[49]=-Xfingerprint:AndroidHeadless/ce32_7d/ce32_7d:7.1.2/1.4.1/20181107:eng/release-keys
01-01 00:00:06.655   160   160 D ICU     : No timezone override file found: /data/misc/zoneinfo/current/icu/icu_tzdata.dat
01-01 00:00:06.857   160   160 W art     : Before Android 4.1, method double java.util.concurrent.ThreadLocalRandom.internalNextDouble(double, double) would have incorrectly overridden the package-private method in java.util.Random
01-01 00:00:06.857   160   160 W art     : Before Android 4.1, method int java.util.concurrent.ThreadLocalRandom.internalNextInt(int, int) would have incorrectly overridden the package-private method in java.util.Random
01-01 00:00:06.857   160   160 W art     : Before Android 4.1, method long java.util.concurrent.ThreadLocalRandom.internalNextLong(long, long) would have incorrectly overridden the package-private method in java.util.Random
01-01 00:00:07.095   160   160 W System  : ClassLoader referenced unknown path: /vendor/lib
01-01 00:00:07.665   160   160 E memtrack: Couldn't load memtrack module (No such file or directory)
01-01 00:00:07.666   160   160 E android.os.Debug: failed to load memtrack module: -2
01-01 00:00:07.753   160   160 I Radio-JNI: register_android_hardware_Radio DONE
01-01 00:00:08.042   160   160 I SamplingProfilerIntegration: Profiling disabled.
01-01 00:00:08.044   160   160 D Zygote  : begin preload
01-01 00:00:08.044   160   160 I Zygote  : Installing ICU cache reference pinning...
01-01 00:00:08.045   160   160 I Zygote  : Preloading ICU data...
01-01 00:00:09.385   160   160 I Zygote  : Uninstalled ICU cache reference pinning...
01-01 00:00:10.242   160   160 I Zygote  : Installed AndroidKeyStoreProvider in 856ms.
01-01 00:00:12.117   160   160 I Zygote  : Warmed up JCA providers in 1875ms.
01-01 00:00:12.118   160   160 D Zygote  : end preload
01-01 00:00:12.118   160   160 I art     : Starting a blocking GC Explicit
01-01 00:00:12.171   160   160 I art     : Explicit concurrent mark sweep GC freed 17411(1175KB) AllocSpace objects, 0(0B) LOS objects, 53% free, 888KB/1912KB, paused 172us total 41.586ms
01-01 00:00:12.175   160   160 I art     : Starting a blocking GC Explicit
01-01 00:00:12.202   160   160 I art     : Explicit concurrent mark sweep GC freed 39(11KB) AllocSpace objects, 0(0B) LOS objects, 53% free, 877KB/1901KB, paused 168us total 17.593ms
01-01 00:00:12.279   160   219 I art     : Starting a blocking GC HeapTrim
01-01 00:00:12.298   160   160 I art     : Starting a blocking GC Background
01-01 00:00:12.402   160   160 I Zygote  : System server process 314 has been created
01-01 00:00:12.404   160   160 I Zygote  : Accepting command socket connections
01-01 00:00:12.484   314   314 I InstallerConnection: connecting...
01-01 00:00:12.487   161   161 I         : new connection
01-01 00:00:12.589   314   314 I InstallerConnection: disconnecting...
01-01 00:00:12.591   161   161 E         : eof
01-01 00:00:12.591   161   161 E         : failed to read size
01-01 00:00:12.591   161   161 I         : closing connection
01-01 00:00:12.620   314   314 W System  : ClassLoader referenced unknown path: /vendor/lib
01-01 00:00:12.968   314   314 W SystemServer: System clock is before 1970; setting to 1970.
01-01 00:00:12.982   314   314 I SystemServer: Entered the Android system server!
01-01 00:00:13.717   314   314 I SystemServiceManager: Starting com.android.server.pm.Installer
01-01 00:00:13.740   314   314 I Installer: Waiting for installd to be ready.
01-01 00:00:13.740   314   314 I InstallerConnection: connecting...
01-01 00:00:13.742   161   161 I         : new connection
01-01 00:00:13.743   314   314 I SystemServiceManager: Starting com.android.server.am.ActivityManagerService$Lifecycle
01-01 00:00:13.870   314   314 I ActivityManager: Memory class: 256
01-01 00:00:13.889   314   356 I ServiceThread: Enabled StrictMode logging for ActivityManager looper.
01-01 00:00:13.913   314   357 I ServiceThread: Enabled StrictMode logging for android.ui looper.
01-01 00:00:14.376   314   314 D BatteryStatsImpl: Reading daily items from /data/system/batterystats-daily.xml
01-01 00:00:15.084   314   314 W ProcessCpuTracker: Skipping unknown process pid 372
01-01 00:00:15.100   314   314 I IntentFirewall: Read new rules (A:0 B:0 S:0)
01-01 00:00:15.181   314   381 I ServiceThread: Enabled StrictMode logging for android.display looper.
01-01 00:00:15.210   163   163 V NatController: runCmd(/system/bin/iptables -w -F natctrl_FORWARD) res=0
01-01 00:00:15.227   314   314 D AppOps  : AppOpsService published
01-01 00:00:15.228   314   314 I SystemServiceManager: Starting com.android.server.power.PowerManagerService
01-01 00:00:15.261   314   384 I ServiceThread: Enabled StrictMode logging for PowerManagerService looper.
01-01 00:00:15.270   314   314 E SWITCHPROFILE: setprop: sys.interactive = active 
01-01 00:00:15.270   314   314 W libsuspend: Error writing 'on' to /sys/power/state: Invalid argument
01-01 00:00:15.270   314   314 I libsuspend: Selected wakeup count
01-01 00:00:15.290   163   163 V NatController: runCmd(/system/bin/ip6tables -w -F natctrl_FORWARD) res=0
01-01 00:00:15.294   314   314 I SystemServer: StartPackageManagerService
01-01 00:00:15.295   314   385 I SWITCHPROFILE: Switchprofile thread received GOV_INTERACTIVE from Power HAL
01-01 00:00:15.321   314   385 E SWITCHPROFILE: setprop: sys.interactive = active 
01-01 00:00:15.321   314   385 E SWITCHPROFILE: Could not open cpu gov:/sys/devices/system/cpu/cpufreq/interactive/boostpulse
01-01 00:00:15.360   163   163 V NatController: runCmd(/system/bin/iptables -w -A natctrl_FORWARD -j DROP) res=0
01-01 00:00:15.408   314   314 W SystemConfig: No directory /system/etc/sysconfig, skipping
01-01 00:00:15.415   163   163 V NatController: runCmd(/system/bin/iptables -w -t nat -F natctrl_nat_POSTROUTING) res=0
01-01 00:00:15.490   163   163 V NatController: runCmd(/system/bin/ip6tables -w -t raw -F natctrl_raw_PREROUTING) res=0
01-01 00:00:15.550   163   163 V NatController: runCmd(/system/bin/iptables -w -F natctrl_tether_counters) res=1
01-01 00:00:15.620   163   163 V NatController: runCmd(/system/bin/ip6tables -w -F natctrl_tether_counters) res=1
01-01 00:00:15.700   314   314 D SELinuxMMAC: Using policy file /system/etc/security/mac_permissions.xml
01-01 00:00:15.720   163   163 V NatController: runCmd(/system/bin/iptables -w -X natctrl_tether_counters) res=1
01-01 00:00:15.780   163   163 V NatController: runCmd(/system/bin/ip6tables -w -X natctrl_tether_counters) res=1
01-01 00:00:15.850   163   163 V NatController: runCmd(/system/bin/iptables -w -N natctrl_tether_counters) res=0
01-01 00:00:15.916   163   163 V NatController: runCmd(/system/bin/ip6tables -w -N natctrl_tether_counters) res=0
01-01 00:00:15.990   163   163 V NatController: runCmd(/system/bin/iptables -w -t mangle -A natctrl_mangle_FORWARD -p tcp --tcp-flags SYN SYN -j TCPMSS --clamp-mss-to-pmtu) res=0
01-01 00:00:16.750   163   163 E Netd    : cannot find interface dummy0
01-01 00:00:16.752   163   163 D MDnsDS  : MDnsSdListener::Hander starting up
01-01 00:00:16.754   163   416 D MDnsDS  : MDnsSdListener starting to monitor
01-01 00:00:16.754   163   416 D MDnsDS  : Going to poll with pollCount 1
01-01 00:00:16.960   314   314 E art     : DexFile_getDexOptNeeded file '/system/framework/org.apache.http.legacy.jar' does not exist
01-01 00:00:16.961   314   314 W PackageManager: Library not found: /system/framework/org.apache.http.legacy.jar
01-01 00:00:16.962   314   314 D PackageManager: No files in app dir /vendor/overlay
01-01 00:00:18.007   314   314 D PackageManager: No files in app dir /vendor/app
01-01 00:00:18.008   314   314 D PackageManager: No files in app dir /oem/app
01-01 00:00:18.035   314   314 I SELinux : SELinux: Loaded file_contexts contexts from /file_contexts.bin.
01-01 00:00:18.038   314   314 D PackageManager: No files in app dir /data/app-private
01-01 00:00:18.039   314   314 D PackageManager: No files in app dir /data/app-ephemeral
01-01 00:00:18.041   314   314 E PackageManager: There should probably be exactly one storage manager; found 0: matches=[]
01-01 00:00:18.042   314   314 E PackageManager: There should probably be exactly one setup wizard; found 0: matches=[]
01-01 00:00:18.043   314   314 W PackageManager: Protected action; cap priority to 0; package: com.android.packageinstaller activity: com.android.packageinstaller.PackageInstallerActivity origPrio: 1
01-01 00:00:18.044   314   314 I PackageManager: Adjusting ABI for com.android.providers.settings to armeabi-v7a (requirer=android, scannedPackage=null)
01-01 00:00:18.050   314   314 I PackageManager: Time to scan packages: 1.106 seconds
01-01 00:00:18.063   314   314 W PackageManager: Unknown permission com.google.android.permission.INSTALL_WEARABLE_PACKAGES in package com.android.packageinstaller
01-01 00:00:18.064   314   314 V PackageManager: reconcileAppsData for null u0 0x3
01-01 00:00:18.077   161   161 I SELinux : SELinux: Loaded file_contexts contexts from /file_contexts.bin.
01-01 00:00:18.162   314   314 V PackageManager: reconcileAppsData finished 8 packages
01-01 00:00:18.420   314   314 E PackageManager: There should probably be a verifier, but, none were found
01-01 00:00:18.446   314   314 D PackageManager: Ephemeral resolver NOT found; no matching intent filters
01-01 00:00:18.447   314   314 I PackageManager: Ephemeral deactivated; missing resolver and installer
01-01 00:00:18.448   314   314 I art     : Starting a blocking GC Explicit
01-01 00:00:18.478   314   314 I art     : Explicit concurrent mark sweep GC freed 1462(174KB) AllocSpace objects, 3(60KB) LOS objects, 53% free, 875KB/1899KB, paused 1.281ms total 29.009ms
01-01 00:00:18.506   314   314 I SystemServer: StartUserManagerService
01-01 00:00:18.506   314   314 I SystemServiceManager: Starting com.android.server.pm.UserManagerService$LifeCycle
01-01 00:00:18.539   158   158 I lowmemorykiller: ActivityManager connected
01-01 00:00:18.543   314   314 I SystemServiceManager: Starting com.android.server.usage.UsageStatsService
01-01 00:00:18.565   314   314 I SystemServer: Reading configuration...
01-01 00:00:18.565   314   314 I SystemServer: StartSchedulingPolicyService
01-01 00:00:18.567   314   314 I SystemServer: StartEntropyMixer
01-01 00:00:18.579   314   314 I EntropyMixer: Writing entropy...
01-01 00:00:18.600   314   314 I SystemServer: StartAccountManagerService
01-01 00:00:18.600   314   314 I SystemServiceManager: Starting com.android.server.accounts.AccountManagerService$Lifecycle
01-01 00:00:18.638   314   314 I SystemServer: StartContentService
01-01 00:00:18.639   314   314 I SystemServiceManager: Starting com.android.server.content.ContentService$Lifecycle
01-01 00:00:18.647   314   314 I SystemServer: InstallSystemProviders
01-01 00:00:18.672   314   314 W System  : ClassLoader referenced unknown path: /system/priv-app/SettingsProvider/lib/arm
01-01 00:00:18.676   314   314 W System  : ClassLoader referenced unknown path: /vendor/lib
01-01 00:00:18.909   314   314 I SystemServer: StartAlarmManagerService
01-01 00:00:18.909   314   314 I SystemServiceManager: Starting com.android.server.AlarmManagerService
01-01 00:00:18.915   314   314 E AlarmManagerService: failed to open /sys/class/rtc: No such file or directory
01-01 00:00:18.932   314   314 I WatchdogService: WatchdogService
01-01 00:00:18.932   314   314 W Watchdog: Watchdog init: true
01-01 00:00:18.933   314   314 E Watchdog_N: Unable to open hw watchdog device (/dev/watchdog) 13 (Permission denied)
01-01 00:00:18.933   314   314 E Watchdog: init: Unable to open Watchdog device: /dev/watchdog
01-01 00:00:18.934   314   314 E WatchdogService: WatchdogClients.xml not found at /system/etc/WatchdogClients.xml
01-01 00:00:18.937   314   314 I SystemServer: ConnectivityMetricsLoggerService
01-01 00:00:18.937   314   314 I SystemServiceManager: Starting com.android.server.connectivity.MetricsLoggerService
01-01 00:00:18.939   314   314 I SystemServer: IpConnectivityMetrics
01-01 00:00:18.940   314   314 I SystemServiceManager: Starting com.android.server.connectivity.IpConnectivityMetrics
01-01 00:00:18.943   314   314 I SystemServiceManager: Starting com.android.server.MountService$Lifecycle
01-01 00:00:18.975   314   314 I SystemServiceManager: Starting com.android.server.DeviceIdleController
01-01 00:00:18.980   314   424 D MountService: Thinking about init, mSystemReady=false, mDaemonConnected=true
01-01 00:00:18.980   314   424 D MountService: Thinking about reset, mSystemReady=false, mDaemonConnected=true
01-01 00:00:18.982   314   424 D MountService: Thinking about init, mSystemReady=false, mDaemonConnected=true
01-01 00:00:18.982   314   424 D MountService: Thinking about reset, mSystemReady=false, mDaemonConnected=true
01-01 00:00:18.986   314   424 D CryptdConnector: SND -> {1 cryptfs getfield SystemLocale}
01-01 00:00:18.996   314   426 D CryptdConnector: RCV <- {200 1 -1}
01-01 00:00:19.009   314   424 W MountService: No primary storage mounted!
01-01 00:00:19.009   314   424 D VoldConnector: SND -> {1 asec list}
01-01 00:00:19.018   314   425 D VoldConnector: RCV <- {200 1 asec operation succeeded}
01-01 00:00:19.023   314   314 I SystemServer: StartNetworkManagementService
01-01 00:00:19.029   314   424 I PackageManager: No secure containers found
01-01 00:00:19.041   314   427 I NetworkManagement: onDaemonConnected()
01-01 00:00:19.048   314   314 I SystemServer: StartNetworkScoreService
01-01 00:00:19.053   314   314 I SystemServer: StartNetworkStatsService
01-01 00:00:19.071   314   424 W PackageManager: Unknown permission com.google.android.permission.INSTALL_WEARABLE_PACKAGES in package com.android.packageinstaller
01-01 00:00:19.141   314   314 I SystemServer: StartNetworkPolicyManagerService
01-01 00:00:19.353   314   314 W art     : Long monitor contention with owner MountService (424) at void com.android.server.pm.PackageManagerService.loadMediaPackages(android.util.ArrayMap, int[], boolean)(PackageManagerService.java:19366) waiters=0 in boolean com.android.server.pm.PackageManagerService.hasSystemFeature(java.lang.String, int) for 190ms
01-01 00:00:19.353   314   314 I SystemServer: No Wi-Fi NAN Service (NAN support Not Present)
01-01 00:00:19.354   314   314 I SystemServiceManager: Starting com.android.server.wifi.p2p.WifiP2pService
01-01 00:00:19.371   314   424 W MountService: No primary storage defined yet; hacking together a stub
01-01 00:00:19.380   314   424 W MountService: No primary storage defined yet; hacking together a stub
01-01 00:00:19.382   314   424 W MountService: No primary storage mounted!
01-01 00:00:19.383   314   424 D VoldConnector: SND -> {2 asec list}
01-01 00:00:19.387   314   425 D VoldConnector: RCV <- {200 2 asec operation succeeded}
01-01 00:00:19.449   314   314 I WifiP2pService: Registering wifip2p
01-01 00:00:19.450   314   314 I SystemServiceManager: Starting com.android.server.wifi.WifiService
01-01 00:00:19.619   314   314 D HS20    : Passpoint is disabled
01-01 00:00:19.868   314   433 E IpManager.wlan0: Failed to disable IPv6java.lang.IllegalStateException: command '1 interface ipv6 wlan0 disable' failed with '400 1 Failed to change IPv6 state (No such file or directory)'
01-01 00:00:19.877   163   420 D CommandListener: Clearing all IP addresses on wlan0
01-01 00:00:19.882   314   314 E WifiStateMachine: Unable to resolve SystemUI's UID.
01-01 00:00:20.080   314   314 W art     : Long monitor contention with owner WifiStateMachine (432) at boolean com.android.server.wifi.WifiNative.unloadDriverNative()(WifiNative.java:-2) waiters=0 in java.lang.String com.android.server.wifi.WifiNative.doStringCommand(java.lang.String) for 181ms
01-01 00:00:20.090   314   432 D WifiApConfigStore: 2G band allowed channels are:1,6,11
01-01 00:00:20.105   314   314 D WifiController: isAirplaneModeOn = false, isWifiEnabled = false, isScanningAvailable = false
01-01 00:00:20.126   314   314 I WifiService: Registering wifi
01-01 00:00:20.128   314   314 I SystemServiceManager: Starting com.android.server.wifi.scanner.WifiScanningService
01-01 00:00:20.128   314   314 I WifiScanningService: Creating wifiscanner
01-01 00:00:20.136   314   314 I WifiScanningService: Publishing wifiscanner
01-01 00:00:20.138   314   314 I SystemServiceManager: Starting com.android.server.ethernet.EthernetService
01-01 00:00:20.140   314   314 I EthernetServiceImpl: Creating EthernetConfigStore
01-01 00:00:20.142   314   314 E IpConfigStore: Error parsing configuration: java.io.FileNotFoundException: /data/misc/ethernet/ipconfig.txt (No such file or directory)
01-01 00:00:20.142   314   314 W EthernetConfigStore: No Ethernet configuration found. Using default.
01-01 00:00:20.143   314   314 I EthernetServiceImpl: Read stored IP configuration: IP assignment: DHCP
01-01 00:00:20.143   314   314 I EthernetServiceImpl: Proxy settings: NONE
01-01 00:00:20.143   314   314 I EthernetService: Registering service ethernet
01-01 00:00:20.146   314   314 I SystemServer: StartConnectivityService
01-01 00:00:20.212   314   314 D ConnectivityService: ConnectivityService starting up
01-01 00:00:20.225   314   314 D ConnectivityService: wifiOnly=false
01-01 00:00:20.227   314   314 E ConnectivityService: Ignoring protectedNetwork 10
01-01 00:00:20.227   314   314 E ConnectivityService: Ignoring protectedNetwork 11
01-01 00:00:20.227   314   314 E ConnectivityService: Ignoring protectedNetwork 12
01-01 00:00:20.228   314   314 E ConnectivityService: Ignoring protectedNetwork 14
01-01 00:00:20.228   314   314 E ConnectivityService: Ignoring protectedNetwork 15
01-01 00:00:20.317   314   314 I SystemServiceManager: Starting com.android.server.DropBoxManagerService
01-01 00:00:20.323   314   314 I SystemServiceManager: Starting com.android.server.job.JobSchedulerService
01-01 00:00:20.345   314   314 I SystemServer: StartDiskStatsService
01-01 00:00:20.356   314   314 I SystemServer: StartNetworkTimeUpdateService
01-01 00:00:20.359   314   314 I SystemServer: StartCommonTimeManagementService
01-01 00:00:20.363   314   314 I SystemServiceManager: Starting phase 480
01-01 00:00:20.363   314   314 I SystemServiceManager: Starting phase 500
01-01 00:00:20.377   314   314 D ConnectivityMetricsLoggerService: onBootPhase: PHASE_SYSTEM_SERVICES_READY
01-01 00:00:20.397   314   314 I WifiService: WifiService starting up with Wi-Fi disabled
01-01 00:00:20.408   314   314 I WifiScanningService: Starting wifiscanner
01-01 00:00:20.432   314   314 I EthernetServiceImpl: Starting Ethernet service
01-01 00:00:20.441   314   314 D Ethernet: Registering NetworkFactory
01-01 00:00:20.442   314   437 D ConnectivityService: Got NetworkFactory Messenger for Ethernet
01-01 00:00:20.461   314   440 D Ethernet: got request NetworkRequest [ REQUEST id=1, [ Capabilities: INTERNET&NOT_RESTRICTED&TRUSTED&NOT_VPN] ] with score 0
01-01 00:00:20.469   314   314 D EthernetNetworkFactory: Started tracking interface eth0
01-01 00:00:20.492   163   420 D CommandListener: Setting iface cfg
01-01 00:00:20.492   163   420 D CommandListener: Trying to bring up eth0
01-01 00:00:20.682   314   314 D EthernetNetworkFactory: updateInterface: eth0 link up
01-01 00:00:20.701   314   442 D EthernetNetworkFactory: starting ipProvisioningThread(eth0): mNetworkInfo=[type: Ethernet[], state: UNKNOWN/IDLE, reason: (unspecified), extra: 00:1e:c0:e0:db:90, failover: false, available: true, roaming: false, metered: false]
01-01 00:00:20.755   163   420 D CommandListener: Clearing all IP addresses on eth0
01-01 00:00:20.800   314   314 V UserManagerService: Found /data/user_de/0 with serial number 0
01-01 00:00:20.800   314   314 V UserManagerService: Found /data/user/0 with serial number 0
01-01 00:00:20.801   314   314 V UserManagerService: Found /data/system_de/0 with serial number 0
01-01 00:00:20.802   314   314 V UserManagerService: Found /data/system_ce/0 with serial number 0
01-01 00:00:20.822   314   314 I ActivityManager: System now ready
01-01 00:00:20.831   314   314 I SystemServer: Making services ready
01-01 00:00:20.831   314   314 I SystemServiceManager: Starting phase 550
01-01 00:00:20.896   314   378 D EthernetNetworkFactory: updateInterface: eth0 link down
01-01 00:00:20.898   314   442 E EthernetNetworkFactory: IP provisioning error
01-01 00:00:21.047   314   443 D DhcpClient: doQuit
01-01 00:00:21.058   314   448 D DhcpClient: Receive thread started
01-01 00:00:21.058   314   448 D DhcpClient: Receive thread stopped
01-01 00:00:21.061   314   325 I art     : Background partial concurrent mark sweep GC freed 6601(335KB) AllocSpace objects, 7(184KB) LOS objects, 36% free, 1782KB/2MB, paused 3.130ms total 127.797ms
01-01 00:00:21.062   314   424 D MountService: Thinking about init, mSystemReady=true, mDaemonConnected=true
01-01 00:00:21.062   314   424 D MountService: Setting up emulation state, initlocked=false
01-01 00:00:21.063   314   424 D CryptdConnector: SND -> {2 cryptfs unlock_user_key 0 0 ! !}
01-01 00:00:21.068   148   154 D vold    : e4crypt_unlock_user_key 0 serial=0 token_present=0
01-01 00:00:21.069   314   426 D CryptdConnector: RCV <- {200 2 Command succeeded}
01-01 00:00:21.083   314   314 D NetworkManagement: enabling bandwidth control
01-01 00:00:21.089   314   424 D MountService: Thinking about reset, mSystemReady=true, mDaemonConnected=true
01-01 00:00:21.090   314   446 D DhcpClient: onQuitting
01-01 00:00:21.092   314   424 D VoldConnector: SND -> {3 volume reset}
01-01 00:00:21.097   314   425 D VoldConnector: RCV <- {651 emulated 7}
01-01 00:00:21.102   314   425 D VoldConnector: RCV <- {659 emulated}
01-01 00:00:21.117   314   425 D VoldConnector: RCV <- {650 emulated 2 "" ""}
01-01 00:00:21.140   314   425 D VoldConnector: RCV <- {651 emulated 0}
01-01 00:00:21.144   314   425 D VoldConnector: RCV <- {200 3 Command succeeded}
01-01 00:00:21.156   314   378 V MountService: Found primary storage at VolumeInfo{emulated}:
01-01 00:00:21.156   314   378 V MountService:     type=EMULATED diskId=null partGuid=null mountFlags=0 mountUserId=-1 
01-01 00:00:21.156   314   378 V MountService:     state=UNMOUNTED 
01-01 00:00:21.156   314   378 V MountService:     fsType=null fsUuid=null fsLabel=null 
01-01 00:00:21.156   314   378 V MountService:     path=null internalPath=null 
01-01 00:00:21.171   314   424 D VoldConnector: SND -> {4 volume user_added 0 0}
01-01 00:00:21.176   314   425 D VoldConnector: RCV <- {200 4 Command succeeded}
01-01 00:00:21.184   314   424 D VoldConnector: SND -> {5 volume mount emulated 3 -1}
01-01 00:00:21.190   148   153 V vold    : Waiting for FUSE to spin up...
01-01 00:00:21.191   314   425 D VoldConnector: RCV <- {651 emulated 1}
01-01 00:00:21.206   314   425 D VoldConnector: RCV <- {656 emulated /data/media}
01-01 00:00:21.221   314   425 D VoldConnector: RCV <- {655 emulated /storage/emulated}
01-01 00:00:21.239   451   451 W sdcard  : Device explicitly disabled sdcardfs
01-01 00:00:21.240   148   153 V vold    : Waiting for FUSE to spin up...
01-01 00:00:21.292   314   425 D VoldConnector: RCV <- {651 emulated 2}
01-01 00:00:21.298   314   425 D VoldConnector: RCV <- {200 5 Command succeeded}
01-01 00:00:21.515   314   314 W NetworkManagement: setDataSaverMode(): already false
01-01 00:00:21.715   314   314 D NetworkPolicy: setRestrictBackgroundUL(): false
01-01 00:00:21.717   314   314 W NetworkManagement: setDataSaverMode(): already false
01-01 00:00:21.984   314   314 I SystemServiceManager: Starting phase 600
01-01 00:00:21.998   314   475 W Watchdog: Watchdog run: false
01-01 00:00:22.016   314   314 I CommonTimeManagementService: No common time service detected on this platform.  Common time services will be unavailable.
01-01 00:00:22.042   314   314 I Zygote  : Process: zygote socket opened, supported ABIS: armeabi-v7a,armeabi
01-01 00:00:22.047   314   314 I SystemServiceManager: Starting phase 1000
01-01 00:00:22.067   314   314 D ActivityManager: Finishing user boot 0
01-01 00:00:22.092   314   314 D CryptdConnector: SND -> {3 cryptfs prepare_user_storage ! 0 0 2}
01-01 00:00:22.097   148   154 D vold    : e4crypt_prepare_user_storage for volume null, user 0, serial 0, flags 2
01-01 00:00:22.097   148   154 D vold    : Preparing: /data/system_ce/0
01-01 00:00:22.097   148   154 D vold    : Preparing: /data/misc_ce/0
01-01 00:00:22.097   148   154 D vold    : Preparing: /data/media/0
01-01 00:00:22.097   148   154 D vold    : Preparing: /data/data
01-01 00:00:22.098   314   426 D CryptdConnector: RCV <- {200 3 Command succeeded}
01-01 00:00:22.111   314   314 V UserManagerService: Found /data/user/0 with serial number 0
01-01 00:00:22.111   314   314 V UserManagerService: Found /data/system_ce/0 with serial number 0
01-01 00:00:22.113   314   314 V PackageManager: reconcileAppsData for null u0 0x2
01-01 00:00:22.246   314   378 D EthernetNetworkFactory: updateInterface: eth0 link up
01-01 00:00:22.256   314   481 D EthernetNetworkFactory: starting ipProvisioningThread(eth0): mNetworkInfo=[type: Ethernet[], state: DISCONNECTED/DISCONNECTED, reason: (unspecified), extra: 00:1e:c0:e0:db:90, failover: false, available: true, roaming: false, metered: false]
01-01 00:00:22.344   314   314 V PackageManager: reconcileAppsData finished 8 packages
01-01 00:00:22.380   314   476 W art     : Long monitor contention with owner main (314) at void com.android.server.am.ActivityManagerService.systemReady(java.lang.Runnable)(ActivityManagerService.java:13467) waiters=0 in java.lang.String com.android.server.am.ActivityManagerService.getTagForIntentSender(android.content.IIntentSender, java.lang.String) for 348ms
01-01 00:00:22.383   314   356 D MountService: onUnlockUser 0
01-01 00:00:22.383   314   356 D VoldConnector: SND -> {6 volume user_started 0}
01-01 00:00:22.391   148   153 D vold    : Linking /storage/emulated/0 to /mnt/user/0/primary
01-01 00:00:22.392   314   425 D VoldConnector: RCV <- {200 6 Command succeeded}
01-01 00:00:22.482   314   424 D MountService: Volume emulated broadcasting mounted to UserHandle{0}
01-01 00:00:22.520   314   356 I ActivityManager: Loaded persisted task ids for user 0
01-01 00:00:22.521   314   356 I ActivityManager: Loading recents for user 0 into memory.
01-01 00:00:22.559   314   356 D ActivityManager: Sending BOOT_COMPLETE user #0
01-01 00:00:22.646   163   420 D CommandListener: Clearing all IP addresses on eth0
01-01 00:00:22.651   314   354 E NetdConnector: NDC Command {20 firewall disable_chain standby} took too long (598ms)
01-01 00:00:22.789   314   314 W art     : Long monitor contention with owner android.bg (354) at void com.android.server.NetworkManagementService.setFirewallChainEnabled(int, boolean)(NetworkManagementService.java:2207) waiters=0 in void com.android.server.NetworkManagementService.setUidCleartextNetworkPolicy(int, int) for 378ms
01-01 00:00:22.790   314   314 I SystemServer: Enabled StrictMode for system server main thread.
01-01 00:00:22.796   314   436 I WifiScanningService: wifi driver unloaded
01-01 00:00:22.799   314   314 W ContextImpl: Calling a method in the system process without a qualified user: android.app.ContextImpl.startService:1357 com.android.server.content.SyncManager$13.run:658 android.os.Handler.handleCallback:751 android.os.Handler.dispatchMessage:95 android.os.Looper.loop:154 
01-01 00:00:22.816   314   491 D DhcpClient: Receive thread started
01-01 00:00:22.823   314   489 D DhcpClient: Broadcasting DHCPDISCOVER
01-01 00:00:22.841   314   432 D WIFI    : Registering NetworkFactory
01-01 00:00:22.842   314   437 D ConnectivityService: Got NetworkFactory Messenger for WIFI
01-01 00:00:22.843   314   432 D WIFI    : got request NetworkRequest [ REQUEST id=1, [ Capabilities: INTERNET&NOT_RESTRICTED&TRUSTED&NOT_VPN] ] with score 0
01-01 00:00:22.991   314   325 I art     : Background sticky concurrent mark sweep GC freed 11592(699KB) AllocSpace objects, 0(0B) LOS objects, 23% free, 2MB/2MB, paused 2.893ms total 181.773ms
01-01 00:00:23.094   314   491 D DhcpClient: Received packet: 00:1e:c0:e0:db:90 OFFER, ip /10.74.34.172, mask /255.255.255.0, DNS servers: /10.74.103.16 /10.74.103.17 , gateways [/10.74.34.250] lease time 28800, domain icumed.com
01-01 00:00:23.108   314   489 D DhcpClient: Got pending lease: IP address 10.74.34.172/24 Gateway 10.74.34.250  DNS servers: [ 10.74.103.16 10.74.103.17 ] Domains icumed.com DHCP server /10.1.4.18 Vendor info null lease 28800 seconds
01-01 00:00:23.117   314   314 I AccountManagerService: User 0 is unlocked - opening CE database
01-01 00:00:23.129   314   489 D DhcpClient: Broadcasting DHCPREQUEST ciaddr=0.0.0.0 request=10.74.34.172 serverid=10.1.4.18
01-01 00:00:23.284   314   314 I WatchdogService: Android Boot Completed!
01-01 00:00:23.352   314   493 I RecoverySystem: No recovery log file
01-01 00:00:23.404   314   491 D DhcpClient: Received packet: 00:1e:c0:e0:db:90 ACK: your new IP /10.74.34.172, netmask /255.255.255.0, gateways [/10.74.34.250] DNS servers: /10.74.103.16 /10.74.103.17 , lease time 28800
01-01 00:00:23.411   314   489 D DhcpClient: Confirmed lease: IP address 10.74.34.172/24 Gateway 10.74.34.250  DNS servers: [ 10.74.103.16 10.74.103.17 ] Domains icumed.com DHCP server /10.1.4.18 Vendor info null lease 28800 seconds
01-01 00:00:23.491   163   420 D CommandListener: Setting iface cfg
01-01 00:00:23.507   314   489 D DhcpClient: Scheduling renewal in 14399s
01-01 00:00:23.507   314   489 D DhcpClient: Scheduling rebind in 25199s
01-01 00:00:23.507   314   489 D DhcpClient: Scheduling expiry in 28799s
01-01 00:00:23.595   314   481 D ConnectivityService: registerNetworkAgent NetworkAgentInfo{ ni{[type: Ethernet[], state: CONNECTED/CONNECTED, reason: (unspecified), extra: 00:1e:c0:e0:db:90, failover: false, available: true, roaming: false, metered: false]}  network{100}  nethandle{429513165534}  lp{{InterfaceName: eth0 LinkAddresses: [fe80::21e:c0ff:fee0:db90/64,10.74.34.172/24,]  Routes: [fe80::/64 -> :: eth0,10.74.34.0/24 -> 0.0.0.0 eth0,0.0.0.0/0 -> 10.74.34.250 eth0,] DnsAddresses: [10.74.103.16,10.74.103.17,] Domains: icumed.com MTU: 0 TcpBufferSizes: 524288,1048576,3145728,524288,1048576,2097152}}  nc{[ Transports: ETHERNET Capabilities: INTERNET&NOT_RESTRICTED&TRUSTED&NOT_VPN LinkUpBandwidth>=100000Kbps LinkDnBandwidth>=100000Kbps]}  Score{30}  everValidated{false}  lastValidated{false}  created{false} lingering{false} explicitlySelected{false} acceptUnvalidated{false} everCaptivePortalDetected{false} lastCaptivePortalDetected{false} }
01-01 00:00:23.601   314   437 D ConnectivityService: NetworkAgentInfo [Ethernet () - 100] EVENT_NETWORK_INFO_CHANGED, going from null to CONNECTED
01-01 00:00:23.611   314   481 D EthernetNetworkFactory: exiting ipProvisioningThread(eth0): mNetworkInfo=[type: Ethernet[], state: CONNECTED/CONNECTED, reason: (unspecified), extra: 00:1e:c0:e0:db:90, failover: false, available: true, roaming: false, metered: false]
01-01 00:00:23.614   314   437 D ConnectivityService: Adding iface eth0 to network 100
01-01 00:00:23.859   314   437 D ConnectivityService: Setting DNS servers for network 100 to [/10.74.103.16, /10.74.103.17]
01-01 00:00:23.955   314   493 W art     : Long monitor contention with owner Thread-10 (492) at int java.lang.String.lastIndexOf(int, int)(String.java:1553) waiters=0 in void com.android.server.DropBoxManagerService.init() for 566ms
01-01 00:00:23.969   314   494 D NetworkMonitor/NetworkAgentInfo [Ethernet () - 100]: Validation disabled.
01-01 00:00:23.996   314   437 D ConnectivityService: Switching to new default network: NetworkAgentInfo{ ni{[type: Ethernet[], state: CONNECTED/CONNECTED, reason: (unspecified), extra: 00:1e:c0:e0:db:90, failover: false, available: true, roaming: false, metered: false]}  network{100}  nethandle{429513165534}  lp{{InterfaceName: eth0 LinkAddresses: [fe80::21e:c0ff:fee0:db90/64,10.74.34.172/24,]  Routes: [fe80::/64 -> :: eth0,10.74.34.0/24 -> 0.0.0.0 eth0,0.0.0.0/0 -> 10.74.34.250 eth0,] DnsAddresses: [10.74.103.16,10.74.103.17,] Domains: icumed.com MTU: 0 TcpBufferSizes: 524288,1048576,3145728,524288,1048576,2097152}}  nc{[ Transports: ETHERNET Capabilities: INTERNET&NOT_RESTRICTED&TRUSTED&NOT_VPN&FOREGROUND LinkUpBandwidth>=100000Kbps LinkDnBandwidth>=100000Kbps]}  Score{30}  everValidated{false}  lastValidated{false}  created{true} lingering{false} explicitlySelected{false} acceptUnvalidated{false} everCaptivePortalDetected{false} lastCaptivePortalDetected{false} }
01-01 00:00:24.007   314   493 I BootReceiver: Copying audit failures to DropBox
01-01 00:00:24.008   314   493 I BootReceiver: Checking for fsck errors
01-01 00:00:24.043   314   437 D ConnectivityService: Sending CONNECTED broadcast for type 9 NetworkAgentInfo [Ethernet () - 100] isDefaultNetwork=true
01-01 00:00:24.072   314   437 D ConnectivityService: NetworkAgentInfo [Ethernet () - 100] validation passed
01-01 00:00:24.134   314   325 I art     : Background partial concurrent mark sweep GC freed 21802(1597KB) AllocSpace objects, 2(40KB) LOS objects, 33% free, 2MB/3MB, paused 2.267ms total 812.883ms
01-01 00:00:24.203   314   354 I SyncManager: Got SyncJobService instance.
01-01 00:01:10.725   314   491 D DhcpClient: Received packet: 3c:52:82:5c:35:c8 ACK: your new IP /0.0.0.0, netmask /255.255.255.0, gateways [/10.74.34.250] DNS servers: /10.74.103.16 /10.74.103.17 , lease time null
01-01 00:01:10.759   314   491 D DhcpClient: Received packet: 3c:52:82:5c:35:c8 ACK: your new IP /0.0.0.0, netmask /255.255.255.0, gateways [/10.74.34.250] DNS servers: /10.74.103.16 /10.74.103.17 , lease time null
01-01 00:03:18.334   314   378 D EthernetNetworkFactory: updateInterface: eth0 link down
01-01 00:03:18.347   314   378 I EthernetNetworkFactory: Updating mNetworkAgent with: [ Transports: ETHERNET Capabilities: INTERNET&NOT_RESTRICTED&TRUSTED&NOT_VPN LinkUpBandwidth>=100000Kbps LinkDnBandwidth>=100000Kbps], [type: Ethernet[], state: DISCONNECTED/DISCONNECTED, reason: (unspecified), extra: 00:1e:c0:e0:db:90, failover: false, available: false, roaming: false, metered: false], {InterfaceName: eth0 LinkAddresses: [fe80::21e:c0ff:fee0:db90/64,10.74.34.172/24,]  Routes: [fe80::/64 -> :: eth0,10.74.34.0/24 -> 0.0.0.0 eth0,0.0.0.0/0 -> 10.74.34.250 eth0,] DnsAddresses: [10.74.103.16,10.74.103.17,] Domains: icumed.com MTU: 0 TcpBufferSizes: 524288,1048576,3145728,524288,1048576,2097152}
01-01 00:03:18.361   314   491 D DhcpClient: Receive thread stopped
01-01 00:03:18.362   314   482 D DhcpClient: doQuit
01-01 00:03:18.362   314   489 D DhcpClient: onQuitting
01-01 00:03:18.379   163   412 D NetlinkEvent: Unknown ifindex 2 in RTM_DELADDR
01-01 00:03:18.381   314   437 D ConnectivityService: NetworkAgentInfo [Ethernet () - 100] EVENT_NETWORK_INFO_CHANGED, going from CONNECTED to DISCONNECTED
01-01 00:03:18.382   314   437 D ConnectivityService: NetworkAgentInfo [Ethernet () - 100] got DISCONNECTED, was satisfying 2
01-01 00:03:18.389   314   440 D Ethernet: NetworkAgent: NetworkAgent channel lost
01-01 00:03:18.402   314   440 I EthernetNetworkFactory: Updating mNetworkAgent with: [ Transports: ETHERNET Capabilities: INTERNET&NOT_RESTRICTED&TRUSTED&NOT_VPN LinkUpBandwidth>=100000Kbps LinkDnBandwidth>=100000Kbps], [type: Ethernet[], state: DISCONNECTED/DISCONNECTED, reason: (unspecified), extra: 00:1e:c0:e0:db:90, failover: false, available: false, roaming: false, metered: false], {LinkAddresses: []  Routes: [] DnsAddresses: [] Domains: null MTU: 0}
01-01 00:03:18.413   314   378 D IpManager.eth0: interfaceRemoved(eth0)
01-01 00:03:18.415   314   378 D IpManager.eth0: interfaceRemoved(eth0)
01-01 00:03:18.415   314   378 D EthernetNetworkFactory: Stopped tracking interface eth0
01-01 00:03:18.425   163   420 D CommandListener: Clearing all IP addresses on eth0
